// Jest Snapshot v1, https://goo.gl/fbAQLP

exports[`< ClipboardButton/> should render without crashing 1`] = `
<DocumentFragment>
  <button
    aria-label="Copy to clipboard-Hola mundo"
    class="chakra-button css-jwxhfr"
    type="button"
  >
    <svg
      aria-hidden="true"
      class="chakra-icon css-kpbtv0"
      fill="currentColor"
      focusable="false"
      height="1em"
      viewBox="0 0 256 256"
      width="1em"
      xmlns="http://www.w3.org/2000/svg"
    >
      <path
        d="M184,64H40a8,8,0,0,0-8,8V216a8,8,0,0,0,8,8H184a8,8,0,0,0,8-8V72A8,8,0,0,0,184,64Zm-8,144H48V80H176ZM224,40V184a8,8,0,0,1-16,0V48H72a8,8,0,0,1,0-16H216A8,8,0,0,1,224,40Z"
      />
    </svg>
  </button>
  <span
    hidden=""
    id="__chakra_env"
  />
</DocumentFragment>
`;
