// Jest Snapshot v1, https://goo.gl/fbAQLP

exports[`PreviousStepButton Basic Rendering should render correctly 1`] = `
<DocumentFragment>
  <button
    data-testid="previous-step-button"
    h="40px"
    variant="secondary"
    w="123px"
  >
    previousStep
  </button>
  <span
    hidden=""
    id="__chakra_env"
  />
</DocumentFragment>
`;
