// Jest Snapshot v1, https://goo.gl/fbAQLP

exports[`<Toggle /> renders correctly 1`] = `
<DocumentFragment>
  <div
    class="css-70qvj9"
  >
    <label
      class="chakra-switch css-ghot30"
      data-testid="radioTest"
    >
      <input
        class="chakra-switch__input"
        style="border: 0px; clip: rect(0px, 0px, 0px, 0px); height: 1px; width: 1px; margin: -1px; padding: 0px; overflow: hidden; white-space: nowrap; position: absolute;"
        type="checkbox"
        value=""
      />
      <span
        aria-hidden="true"
        class="chakra-switch__track css-1txbgvp"
      >
        <span
          class="chakra-switch__thumb css-wmswoc"
        />
      </span>
    </label>
    <label
      class="chakra-form__label css-1ii0m7i"
    />
  </div>
  <span
    hidden=""
    id="__chakra_env"
  />
</DocumentFragment>
`;
