// Jest Snapshot v1, https://goo.gl/fbAQLP

exports[`Sidebar should render correctly 1`] = `
<DocumentFragment>
  <div
    class="css-1xdhq9s"
    data-testid="sidebar-layout"
  >
    <div
      class="chakra-stack css-b5leqj"
    >
      <div
        class="css-by9pbf"
        data-testid="sidebar-item-Dashboard"
        to="DASHBOARD"
      >
        <button
          class="css-duy0v9"
        >
          <svg
            class="chakra-icon css-1qzovvq"
            fill="currentColor"
            focusable="false"
            height="1em"
            viewBox="0 0 256 256"
            width="1em"
            xmlns="http://www.w3.org/2000/svg"
          >
            <path
              d="M224,115.55V208a16,16,0,0,1-16,16H168a16,16,0,0,1-16-16V168a8,8,0,0,0-8-8H112a8,8,0,0,0-8,8v40a16,16,0,0,1-16,16H48a16,16,0,0,1-16-16V115.55a16,16,0,0,1,5.17-11.78l80-75.48.11-.11a16,16,0,0,1,21.53,0,1.14,1.14,0,0,0,.11.11l80,75.48A16,16,0,0,1,224,115.55Z"
            />
          </svg>
        </button>
        <p
          class="css-bxmmhf"
        >
          Dashboard 
        </p>
      </div>
      <div
        class="css-by9pbf"
        data-testid="sidebar-item-Control List"
        to="EXTERNAL_CONTROL_LIST"
      >
        <button
          class="css-1rb62th"
        >
          <svg
            class="chakra-icon css-1qzovvq"
            fill="currentColor"
            focusable="false"
            height="1em"
            viewBox="0 0 256 256"
            width="1em"
            xmlns="http://www.w3.org/2000/svg"
          >
            <path
              d="M188,88a27.75,27.75,0,0,0-12,2.71V60a28,28,0,0,0-41.36-24.6A28,28,0,0,0,80,44v6.71A27.75,27.75,0,0,0,68,48,28,28,0,0,0,40,76v76a88,88,0,0,0,176,0V116A28,28,0,0,0,188,88Zm12,64a72,72,0,0,1-144,0V76a12,12,0,0,1,24,0v44a8,8,0,0,0,16,0V44a12,12,0,0,1,24,0v68a8,8,0,0,0,16,0V60a12,12,0,0,1,24,0v68.67A48.08,48.08,0,0,0,120,176a8,8,0,0,0,16,0,32,32,0,0,1,32-32,8,8,0,0,0,8-8V116a12,12,0,0,1,24,0Z"
            />
          </svg>
        </button>
        <p
          class="css-owi0ee"
        >
          Control List 
        </p>
      </div>
    </div>
  </div>
  <span
    hidden=""
    id="__chakra_env"
  />
</DocumentFragment>
`;
